2026-09-23T21:13:39: ◇ injected env (0) from .env // tip: ⌘ enable debugging { debug: true }
2026-09-23T21:13:39: DB schema ready
2026-09-23T21:13:41: ◇ injected env (0) from .env // tip: ⌁ auth for agents [www.vestauth.com]
2026-09-23T21:13:41: DB schema ready
2026-09-23T21:13:42: ◇ injected env (0) from .env // tip: ◈ encrypted .env [www.dotenvx.com]
2026-09-23T21:13:42: DB schema ready
2026-09-23T21:13:43: ◇ injected env (0) from .env // tip: ⌘ multiple files { path: ['.env.local', '.env'] }
2026-09-23T21:13:43: DB schema ready
2026-09-23T21:13:44: ◇ injected env (0) from .env // tip: ⌁ auth for agents [www.vestauth.com]
2026-09-23T21:13:44: DB schema ready
2026-09-23T21:13:45: ◇ injected env (0) from .env // tip: ⌘ multiple files { path: ['.env.local', '.env'] }
2026-09-23T21:13:46: DB schema ready
2026-09-23T21:13:47: ◇ injected env (0) from .env // tip: ⌘ suppress logs { quiet: true }
2026-09-23T21:13:47: DB schema ready
2026-09-23T21:13:48: ◇ injected env (0) from .env // tip: ⌘ override existing { override: true }
2026-09-23T21:13:48: DB schema ready
2026-09-23T21:13:49: ◇ injected env (0) from .env // tip: ⌁ auth for agents [www.vestauth.com]
2026-09-23T21:13:49: DB schema ready
2026-09-23T21:13:50: ◇ injected env (0) from .env // tip: ⌘ multiple files { path: ['.env.local', '.env'] }
2026-09-23T21:13:50: DB schema ready
2026-09-23T21:13:51: ◇ injected env (0) from .env // tip: ⌘ custom filepath { path: '/custom/path/.env' }
2026-09-23T21:13:52: DB schema ready
2026-09-23T21:13:52: API listening on :3001
2026-09-23T21:13:53: ◇ injected env (0) from .env // tip: ⌘ suppress logs { quiet: true }
2026-09-23T21:13:53: DB schema ready
2026-09-23T21:13:53: API listening on :3001
2026-09-23T21:13:58: [Robot] Connection to 10.57.28.2: OFFLINE
2026-09-23T21:14:08: ◇ injected env (3) from .env // tip: ⌁ auth for agents [www.vestauth.com]
2026-09-23T21:14:08: ✅ VAPID keys configured for push notifications
2026-09-23T21:14:08: DB schema ready
2026-09-23T21:14:08: API listening on :3001
2026-09-23T21:14:13: [Robot] Connection to 10.57.28.2: OFFLINE
